== iris  n=150 d=4
model
ABD-NB      0.9533
ABD-NB-C    0.9533
ABD-NB-G    0.9556
ABD-NB-L    0.9556
CART        0.9422
GNB         0.9578
LR          0.9578
MI-WNB      0.9600
RF          0.9556
SVM         0.9644
kNN         0.9489
== wine  n=178 d=13
model
ABD-NB      0.9771
ABD-NB-C    0.9771
ABD-NB-G    0.9771
ABD-NB-L    0.9771
CART        0.9174
GNB         0.9771
LR          0.9815
MI-WNB      0.9548
RF          0.9792
SVM         0.9830
kNN         0.9680
== breast-cancer  n=569 d=30
model
ABD-NB      0.9414
ABD-NB-C    0.9420
ABD-NB-G    0.9420
ABD-NB-L    0.9414
CART        0.9221
GNB         0.9385
LR          0.9795
MI-WNB      0.9397
RF          0.9619
SVM         0.9736
kNN         0.9707
== digits  n=1797 d=64
model
ABD-NB      0.8414
ABD-NB-C    0.6108
ABD-NB-G    0.7537
ABD-NB-L    0.8334
CART        0.8516
GNB         0.8414
LR          0.9703
MI-WNB      0.8889
RF          0.9766
SVM         0.9829
kNN         0.9766
== iris-red  n=150 d=12
model
ABD-NB      0.9644
ABD-NB-C    0.9600
ABD-NB-G    0.9667
ABD-NB-L    0.9644
CART        0.9533
GNB         0.9622
LR          0.9689
MI-WNB      0.9644
RF          0.9689
SVM         0.9556
kNN         0.9467
== wine-red  n=178 d=39
model
ABD-NB      0.9753
ABD-NB-C    0.9753
ABD-NB-G    0.9790
ABD-NB-L    0.9771
CART        0.9225
GNB         0.9753
LR          0.9833
MI-WNB      0.9585
RF          0.9734
SVM         0.9850
kNN         0.9699
== synth-rho0.0  n=600 d=12
model
ABD-NB      0.6567
ABD-NB-C    0.6572
ABD-NB-G    0.6572
ABD-NB-L    0.6572
CART        0.5383
GNB         0.6572
LR          0.6644
MI-WNB      0.6239
RF          0.6461
SVM         0.6539
kNN         0.6122
== synth-rho0.3  n=600 d=12
model
ABD-NB      0.5922
ABD-NB-C    0.5894
ABD-NB-G    0.5956
ABD-NB-L    0.5939
CART        0.4833
GNB         0.5906
LR          0.5889
MI-WNB      0.5700
RF          0.5639
SVM         0.5672
kNN         0.5583
== synth-rho0.6  n=600 d=12
model
ABD-NB      0.5833
ABD-NB-C    0.5811
ABD-NB-G    0.5811
ABD-NB-L    0.5800
CART        0.5061
GNB         0.5794
LR          0.5644
MI-WNB      0.5744
RF          0.5622
SVM         0.5678
kNN         0.5900
== synth-rho0.9  n=600 d=12
model
ABD-NB      0.5783
ABD-NB-C    0.5822
ABD-NB-G    0.5817
ABD-NB-L    0.5817
CART        0.5161
GNB         0.5767
LR          0.5544
MI-WNB      0.5761
RF          0.5878
SVM         0.5672
kNN         0.5683
== synth-blocks  n=600 d=20
model
ABD-NB      0.9683
ABD-NB-C    0.9694
ABD-NB-G    0.9694
ABD-NB-L    0.9672
CART        0.9117
GNB         0.9672
LR          0.9672
MI-WNB      0.9639
RF          0.9594
SVM         0.9694
kNN         0.9678
== synth-conflict  n=600 d=13
model
ABD-NB      0.8650
ABD-NB-C    0.8633
ABD-NB-G    0.8633
ABD-NB-L    0.8722
CART        0.7794
GNB         0.7461
LR          0.8728
MI-WNB      0.8689
RF          0.8572
SVM         0.8683
kNN         0.8411
== synth-classdep  n=600 d=12
model
ABD-NB      0.6539
ABD-NB-C    0.4067
ABD-NB-G    0.6539
ABD-NB-L    0.6517
CART        0.8594
GNB         0.6483
LR          0.6306
MI-WNB      0.6389
RF          0.9744
SVM         0.9744
kNN         0.9644
== synth-nonlin  n=600 d=6
model
ABD-NB      0.8878
ABD-NB-C    0.8883
ABD-NB-G    0.8889
ABD-NB-L    0.8878
CART        0.8283
GNB         0.8944
LR          0.8917
MI-WNB      0.8950
RF          0.8806
SVM         0.8839
kNN         0.8628
== synth-sklearn  n=600 d=20
model
ABD-NB      0.8517
ABD-NB-C    0.8489
ABD-NB-G    0.8522
ABD-NB-L    0.8550
CART        0.8794
GNB         0.8517
LR          0.8394
MI-WNB      0.8467
RF          0.9372
SVM         0.9206
kNN         0.9228
  [csv] benchmark.csv
