  [csv] finite_sample_deviation.csv
   n  eps  empirical  bound  mean_dev  q95_dev
  50 0.02   1.000000    1.0  0.089572 0.185808
  50 0.05   0.756667    1.0  0.089572 0.185808
  50 0.10   0.340000    1.0  0.089572 0.185808
 100 0.02   0.980000    1.0  0.054591 0.105455
 100 0.05   0.450000    1.0  0.054591 0.105455
 100 0.10   0.070000    1.0  0.054591 0.105455
 200 0.02   0.883333    1.0  0.039351 0.075031
 200 0.05   0.243333    1.0  0.039351 0.075031
 200 0.10   0.006667    1.0  0.039351 0.075031
 400 0.02   0.680000    1.0  0.028193 0.048504
 400 0.05   0.046667    1.0  0.028193 0.048504
 400 0.10   0.000000    1.0  0.028193 0.048504
 800 0.02   0.476667    1.0  0.020403 0.035722
 800 0.05   0.003333    1.0  0.020403 0.035722
 800 0.10   0.000000    1.0  0.020403 0.035722
1600 0.02   0.336667    1.0  0.017539 0.028231
1600 0.05   0.000000    1.0  0.017539 0.028231
1600 0.10   0.000000    1.0  0.017539 0.028231
3200 0.02   0.133333    1.0  0.015226 0.022320
3200 0.05   0.000000    1.0  0.015226 0.022320
3200 0.10   0.000000    1.0  0.015226 0.022320
  regret n=60 done
  regret n=120 done
  regret n=250 done
  regret n=500 done
  regret n=1000 done
  regret n=2000 done
  [csv] finite_sample_regret.csv
  [csv] finite_sample_regret_summary.csv
      regret_mean  regret_q95   bound   vs_nb  selected
n                                                      
60         0.0102      0.0369  0.4001  0.7122    0.8407
120        0.0056      0.0256  0.2858  0.7080    0.8472
250        0.0029      0.0112  0.2015  0.7169    0.8512
500        0.0024      0.0109  0.1454  0.7193    0.8521
1000       0.0037      0.0128  0.1056  0.7204    0.8515
2000       0.0027      0.0114  0.0776  0.7198    0.8523
