== iris               modal gamma=0.25  zero=  13%  cls-spec=  73%
== wine               modal gamma=0.25  zero=  33%  cls-spec=  27%
== breast-cancer      modal gamma=4.00  zero=   0%  cls-spec=  13%
== digits             modal gamma=0.00  zero=  97%  cls-spec=   0%
== heart-cleveland    modal gamma=4.00  zero=   3%  cls-spec=  10%
== hepatitis          modal gamma=0.25  zero=  37%  cls-spec=   3%
== dermatology        modal gamma=0.00  zero=  63%  cls-spec=  17%
== hypothyroid        modal gamma=4.00  zero=   0%  cls-spec=  90%
== saheart            modal gamma=4.00  zero=   0%  cls-spec=  10%
== spectf             modal gamma=1.00  zero=   0%  cls-spec= 100%
== new-thyroid        modal gamma=0.00  zero=  97%  cls-spec=   3%
== breast-w           modal gamma=0.25  zero=   0%  cls-spec=  80%
== horse-colic        modal gamma=2.00  zero=   0%  cls-spec=  60%
== ecoli              modal gamma=0.00  zero=  93%  cls-spec=   7%
== yeast              modal gamma=0.00  zero= 100%  cls-spec=   0%
== penguins           modal gamma=0.25  zero=   7%  cls-spec=  90%
== mushroom           modal gamma=0.00  zero= 100%  cls-spec=   0%
== soybean            modal gamma=0.25  zero=   3%  cls-spec=  47%
== splice-dna         modal gamma=0.00  zero=  60%  cls-spec=  30%
== credit-aus         modal gamma=4.00  zero=   0%  cls-spec=   3%
== credit-ger         modal gamma=1.00  zero=   0%  cls-spec=   0%
== churn              modal gamma=0.25  zero=  13%  cls-spec=  27%
== profb              modal gamma=0.00  zero=  60%  cls-spec=   7%
== contraceptive      modal gamma=0.25  zero=   0%  cls-spec=   0%
== titanic            modal gamma=4.00  zero=   0%  cls-spec=   3%
== nursery            modal gamma=0.00  zero= 100%  cls-spec=   0%
== segmentation       modal gamma=0.25  zero=   0%  cls-spec=  63%
== vehicle            modal gamma=1.00  zero=   0%  cls-spec=  50%
== satimage           modal gamma=0.25  zero=   0%  cls-spec=  87%
== phoneme            modal gamma=4.00  zero=   0%  cls-spec= 100%
== page-blocks        modal gamma=0.25  zero=   0%  cls-spec=  70%
== ionosphere         modal gamma=0.00  zero=  90%  cls-spec=   0%
== sonar              modal gamma=0.25  zero=  37%  cls-spec=  10%
== texture            modal gamma=4.00  zero=   0%  cls-spec= 100%
== mfeat-karhunen     modal gamma=0.25  zero=   0%  cls-spec= 100%
== spambase           modal gamma=4.00  zero=   0%  cls-spec=   0%
== magic              modal gamma=0.25  zero=   0%  cls-spec=  67%
== iris-red           modal gamma=4.00  zero=   0%  cls-spec=  20%
== wine-red           modal gamma=0.25  zero=   0%  cls-spec=  10%
== synth-rho0.0       modal gamma=4.00  zero=  23%  cls-spec=  47%
== synth-rho0.3       modal gamma=0.25  zero=   0%  cls-spec=  83%
== synth-rho0.6       modal gamma=0.25  zero=   0%  cls-spec=  53%
== synth-rho0.9       modal gamma=0.25  zero=   7%  cls-spec=  33%
== synth-blocks       modal gamma=1.00  zero=   0%  cls-spec=  53%
== synth-conflict     modal gamma=0.50  zero=   0%  cls-spec=  33%
== synth-classdep     modal gamma=0.25  zero=   0%  cls-spec=   0%
== synth-nonlin       modal gamma=0.00  zero=  97%  cls-spec=   0%
== synth-sklearn      modal gamma=1.00  zero=   0%  cls-spec=  27%
  [csv] gamma_selection.csv
  [csv] gamma_selection_marginal.csv
  [csv] gamma_selection_bands.csv

 gamma  all  real  augmented  synthetic  n_fits
   0.0 23.6  27.2        0.0       14.1     340
   0.2 32.0  30.8       43.3       34.4     461
   0.5  5.6   3.0        6.7       15.9      80
   1.0  9.0   7.2        5.0       17.0     129
   2.0  5.5   5.7        3.3        5.2      79
   4.0 24.4  26.1       41.7       13.3     351

  band  n_datasets  mean_gamma  zero_pct  ge1_pct  cls_pct  deff_ratio
   low          13        1.07     48.21    34.10    23.85        0.98
medium          12        1.56     12.78    40.28    32.22        0.89
  high          12        1.36     18.89    43.06    54.17        0.64
