== iris
r         0      1      2      4      8      16     32
model                                                 
ABD-NB  0.96  0.957  0.955  0.957  0.955  0.954  0.952
GNB     0.96  0.950  0.941  0.937  0.914  0.899  0.884
LR      0.96  0.956  0.953  0.953  0.952  0.951  0.950
== wine
r          0      1      2      4      8      16     32
model                                                  
ABD-NB  0.977  0.976  0.974  0.975  0.972  0.971  0.971
GNB     0.972  0.977  0.972  0.959  0.932  0.895  0.809
LR      0.983  0.983  0.982  0.983  0.983  0.983  0.981
== breast-cancer
r          0      1      2      4      8      16     32
model                                                  
ABD-NB  0.944  0.943  0.944  0.943  0.944  0.945  0.944
GNB     0.939  0.937  0.938  0.939  0.937  0.930  0.917
LR      0.979  0.979  0.979  0.978  0.979  0.978  0.978
== credit-ger
r          0      1      2      4      8      16     32
model                                                  
ABD-NB  0.734  0.736  0.736  0.736  0.733  0.729  0.727
GNB     0.736  0.734  0.731  0.724  0.706  0.675  0.642
LR      0.760  0.760  0.761  0.760  0.761  0.760  0.758
== vehicle
r          0      1      2      4      8      16     32
model                                                  
ABD-NB  0.518  0.517  0.517  0.517  0.514  0.501  0.499
GNB     0.459  0.458  0.460  0.455  0.443  0.410  0.385
LR      0.787  0.789  0.786  0.788  0.788  0.788  0.785
== spambase
r          0      1      2      4      8      16     32
model                                                  
ABD-NB  0.820  0.818  0.817  0.814  0.809  0.807  0.804
GNB     0.823  0.823  0.821  0.819  0.815  0.811  0.800
LR      0.926  0.926  0.926  0.927  0.926  0.926  0.927
== yeast
r          0      1      2      4      8      16     32
model                                                  
ABD-NB  0.153  0.153  0.151  0.153  0.192  0.210  0.205
GNB     0.153  0.153  0.151  0.157  0.192  0.210  0.205
LR      0.589  0.588  0.588  0.586  0.585  0.584  0.583
== segmentation
r          0      1      2      4      8      16     32
model                                                  
ABD-NB  0.792  0.794  0.792  0.789  0.777  0.753  0.725
GNB     0.795  0.794  0.791  0.785  0.769  0.731  0.687
LR      0.933  0.934  0.934  0.934  0.934  0.934  0.933
== phoneme
r          0      1      2      4      8      16     32
model                                                  
ABD-NB  0.787  0.786  0.784  0.784  0.782  0.782  0.782
GNB     0.765  0.732  0.720  0.704  0.689  0.680  0.667
LR      0.758  0.758  0.758  0.758  0.758  0.757  0.756
== contraceptive
r          0      1      2      4      8      16     32
model                                                  
ABD-NB  0.466  0.467  0.467  0.470  0.472  0.470  0.472
GNB     0.469  0.469  0.469  0.472  0.461  0.450  0.437
LR      0.511  0.511  0.510  0.510  0.509  0.508  0.509
  [csv] redundancy.csv
