r=1: w_copy=0.8989 vs 1/r=1.0000
r=2: w_copy=0.4920 vs 1/r=0.5000
r=3: w_copy=0.3386 vs 1/r=0.3333
r=4: w_copy=0.2589 vs 1/r=0.2500
r=5: w_copy=0.2114 vs 1/r=0.2000
r=6: w_copy=0.1784 vs 1/r=0.1667
r=8: w_copy=0.1362 vs 1/r=0.1250
r=10: w_copy=0.1099 vs 1/r=0.1000
  [csv] duplicates.csv
n=50 done
n=100 done
n=200 done
n=400 done
n=800 done
n=1600 done
n=3200 done
n=6400 done
  [csv] consistency.csv
  [csv] bias_variance.csv
n=60 done
n=120 done
n=250 done
n=500 done
n=1000 done
n=2000 done
n=4000 done
  [csv] learning_curve.csv
